// Jest Snapshot v1, https://goo.gl/fbAQLP

exports[`Renders correctly Routine card component Matches Routine Card snapshot 1`] = `
<div
  className="card_wrapper"
>
  <div
    className="card_icon"
  >
    <i
      className="GiBookmarklet fa-2x"
    />
  </div>
  <div
    className="card_title"
  >
    tech-reading
  </div>
  <div
    className="card_title"
  >
    2
  </div>
</div>
`;
